Analysis & Synthesis report for super_hash_processor
Mon Mar 06 21:25:38 2017
Quartus Prime Version 16.1.0 Build 196 10/24/2016 SJ Lite Edition


---------------------
; Table of Contents ;
---------------------
  1. Legal Notice
  2. Analysis & Synthesis Summary
  3. Analysis & Synthesis Settings
  4. Parallel Compilation
  5. Analysis & Synthesis Source Files Read
  6. Analysis & Synthesis Resource Usage Summary
  7. Analysis & Synthesis Resource Utilization by Entity
  8. State Machine - |super_hash_processor|state
  9. User-Specified and Inferred Latches
 10. Registers Removed During Synthesis
 11. Removed Registers Triggering Further Register Optimizations
 12. General Register Statistics
 13. Multiplexer Restructuring Statistics (Restructuring Performed)
 14. Parameter Settings for User Entity Instance: Top-level Entity: |super_hash_processor
 15. Post-Synthesis Netlist Statistics for Top Partition
 16. Elapsed Time Per Partition
 17. Analysis & Synthesis Messages
 18. Analysis & Synthesis Suppressed Messages



----------------
; Legal Notice ;
----------------
Copyright (C) 2016  Intel Corporation. All rights reserved.
Your use of Intel Corporation's design tools, logic functions 
and other software and tools, and its AMPP partner logic 
functions, and any output files from any of the foregoing 
(including device programming or simulation files), and any 
associated documentation or information are expressly subject 
to the terms and conditions of the Intel Program License 
Subscription Agreement, the Intel Quartus Prime License Agreement,
the Intel MegaCore Function License Agreement, or other 
applicable license agreement, including, without limitation, 
that your use is for the sole purpose of programming logic 
devices manufactured by Intel and sold by Intel or its 
authorized distributors.  Please refer to the applicable 
agreement for further details.



+---------------------------------------------------------------------------------+
; Analysis & Synthesis Summary                                                    ;
+-----------------------------------+---------------------------------------------+
; Analysis & Synthesis Status       ; Successful - Mon Mar 06 21:25:38 2017       ;
; Quartus Prime Version             ; 16.1.0 Build 196 10/24/2016 SJ Lite Edition ;
; Revision Name                     ; super_hash_processor                        ;
; Top-level Entity Name             ; super_hash_processor                        ;
; Family                            ; Arria II GX                                 ;
; Logic utilization                 ; N/A                                         ;
;     Combinational ALUTs           ; 3,313                                       ;
;     Memory ALUTs                  ; 0                                           ;
;     Dedicated logic registers     ; 1,166                                       ;
; Total registers                   ; 1166                                        ;
; Total pins                        ; 184                                         ;
; Total virtual pins                ; 0                                           ;
; Total block memory bits           ; 0                                           ;
; DSP block 18-bit elements         ; 0                                           ;
; Total GXB Receiver Channel PCS    ; 0                                           ;
; Total GXB Receiver Channel PMA    ; 0                                           ;
; Total GXB Transmitter Channel PCS ; 0                                           ;
; Total GXB Transmitter Channel PMA ; 0                                           ;
; Total PLLs                        ; 0                                           ;
; Total DLLs                        ; 0                                           ;
+-----------------------------------+---------------------------------------------+


+-------------------------------------------------------------------------------------------------------------------------------+
; Analysis & Synthesis Settings                                                                                                 ;
+---------------------------------------------------------------------------------+----------------------+----------------------+
; Option                                                                          ; Setting              ; Default Value        ;
+---------------------------------------------------------------------------------+----------------------+----------------------+
; Device                                                                          ; EP2AGX45DF29I5       ;                      ;
; Top-level entity name                                                           ; super_hash_processor ; super_hash_processor ;
; Family name                                                                     ; Arria II GX          ; Cyclone V            ;
; Use smart compilation                                                           ; Off                  ; Off                  ;
; Enable parallel Assembler and TimeQuest Timing Analyzer during compilation      ; On                   ; On                   ;
; Enable compact report table                                                     ; Off                  ; Off                  ;
; Restructure Multiplexers                                                        ; Auto                 ; Auto                 ;
; MLAB Add Timing Constraints For Mixed-Port Feed-Through Mode Setting Don't Care ; Off                  ; Off                  ;
; Create Debugging Nodes for IP Cores                                             ; Off                  ; Off                  ;
; Preserve fewer node names                                                       ; On                   ; On                   ;
; OpenCore Plus hardware evaluation                                               ; Enable               ; Enable               ;
; Verilog Version                                                                 ; Verilog_2001         ; Verilog_2001         ;
; VHDL Version                                                                    ; VHDL_1993            ; VHDL_1993            ;
; State Machine Processing                                                        ; Auto                 ; Auto                 ;
; Safe State Machine                                                              ; Off                  ; Off                  ;
; Extract Verilog State Machines                                                  ; On                   ; On                   ;
; Extract VHDL State Machines                                                     ; On                   ; On                   ;
; Ignore Verilog initial constructs                                               ; Off                  ; Off                  ;
; Iteration limit for constant Verilog loops                                      ; 5000                 ; 5000                 ;
; Iteration limit for non-constant Verilog loops                                  ; 250                  ; 250                  ;
; Add Pass-Through Logic to Inferred RAMs                                         ; On                   ; On                   ;
; Infer RAMs from Raw Logic                                                       ; On                   ; On                   ;
; Parallel Synthesis                                                              ; On                   ; On                   ;
; DSP Block Balancing                                                             ; Auto                 ; Auto                 ;
; NOT Gate Push-Back                                                              ; On                   ; On                   ;
; Power-Up Don't Care                                                             ; On                   ; On                   ;
; Remove Redundant Logic Cells                                                    ; Off                  ; Off                  ;
; Remove Duplicate Registers                                                      ; On                   ; On                   ;
; Ignore CARRY Buffers                                                            ; Off                  ; Off                  ;
; Ignore CASCADE Buffers                                                          ; Off                  ; Off                  ;
; Ignore GLOBAL Buffers                                                           ; Off                  ; Off                  ;
; Ignore ROW GLOBAL Buffers                                                       ; Off                  ; Off                  ;
; Ignore LCELL Buffers                                                            ; Off                  ; Off                  ;
; Ignore SOFT Buffers                                                             ; On                   ; On                   ;
; Limit AHDL Integers to 32 Bits                                                  ; Off                  ; Off                  ;
; Optimization Technique                                                          ; Balanced             ; Balanced             ;
; Carry Chain Length                                                              ; 70                   ; 70                   ;
; Auto Carry Chains                                                               ; On                   ; On                   ;
; Auto Open-Drain Pins                                                            ; On                   ; On                   ;
; Perform WYSIWYG Primitive Resynthesis                                           ; Off                  ; Off                  ;
; Auto ROM Replacement                                                            ; On                   ; On                   ;
; Auto RAM Replacement                                                            ; On                   ; On                   ;
; Auto DSP Block Replacement                                                      ; On                   ; On                   ;
; Auto Shift Register Replacement                                                 ; Auto                 ; Auto                 ;
; Allow Shift Register Merging across Hierarchies                                 ; Auto                 ; Auto                 ;
; Auto Clock Enable Replacement                                                   ; On                   ; On                   ;
; Strict RAM Replacement                                                          ; Off                  ; Off                  ;
; Allow Synchronous Control Signals                                               ; On                   ; On                   ;
; Force Use of Synchronous Clear Signals                                          ; Off                  ; Off                  ;
; Auto RAM Block Balancing                                                        ; On                   ; On                   ;
; Auto RAM to Logic Cell Conversion                                               ; Off                  ; Off                  ;
; Auto Resource Sharing                                                           ; Off                  ; Off                  ;
; Allow Any RAM Size For Recognition                                              ; Off                  ; Off                  ;
; Allow Any ROM Size For Recognition                                              ; Off                  ; Off                  ;
; Allow Any Shift Register Size For Recognition                                   ; Off                  ; Off                  ;
; Use LogicLock Constraints during Resource Balancing                             ; On                   ; On                   ;
; Ignore translate_off and synthesis_off directives                               ; Off                  ; Off                  ;
; Timing-Driven Synthesis                                                         ; On                   ; On                   ;
; Report Parameter Settings                                                       ; On                   ; On                   ;
; Report Source Assignments                                                       ; On                   ; On                   ;
; Report Connectivity Checks                                                      ; On                   ; On                   ;
; Ignore Maximum Fan-Out Assignments                                              ; Off                  ; Off                  ;
; Synchronization Register Chain Length                                           ; 3                    ; 3                    ;
; PowerPlay Power Optimization During Synthesis                                   ; Normal compilation   ; Normal compilation   ;
; HDL message level                                                               ; Level2               ; Level2               ;
; Suppress Register Optimization Related Messages                                 ; Off                  ; Off                  ;
; Number of Removed Registers Reported in Synthesis Report                        ; 5000                 ; 5000                 ;
; Number of Swept Nodes Reported in Synthesis Report                              ; 5000                 ; 5000                 ;
; Number of Inverted Registers Reported in Synthesis Report                       ; 100                  ; 100                  ;
; Clock MUX Protection                                                            ; On                   ; On                   ;
; Auto Gated Clock Conversion                                                     ; Off                  ; Off                  ;
; Block Design Naming                                                             ; Auto                 ; Auto                 ;
; SDC constraint protection                                                       ; Off                  ; Off                  ;
; Synthesis Effort                                                                ; Auto                 ; Auto                 ;
; Shift Register Replacement - Allow Asynchronous Clear Signal                    ; On                   ; On                   ;
; Pre-Mapping Resynthesis Optimization                                            ; Off                  ; Off                  ;
; Analysis & Synthesis Message Level                                              ; Medium               ; Medium               ;
; Disable Register Merging Across Hierarchies                                     ; Auto                 ; Auto                 ;
; Resource Aware Inference For Block RAM                                          ; On                   ; On                   ;
+---------------------------------------------------------------------------------+----------------------+----------------------+


+------------------------------------------+
; Parallel Compilation                     ;
+----------------------------+-------------+
; Processors                 ; Number      ;
+----------------------------+-------------+
; Number detected on machine ; 8           ;
; Maximum allowed            ; 4           ;
;                            ;             ;
; Average used               ; 1.00        ;
; Maximum used               ; 4           ;
;                            ;             ;
; Usage by Processor         ; % Time Used ;
;     Processor 1            ; 100.0%      ;
;     Processor 2            ;   0.1%      ;
;     Processor 3            ;   0.0%      ;
;     Processor 4            ;   0.0%      ;
+----------------------------+-------------+


+--------------------------------------------------------------------------------------------------------------------------------------------------------------------+
; Analysis & Synthesis Source Files Read                                                                                                                             ;
+----------------------------------+-----------------+------------------------------+----------------------------------------------------------------------+---------+
; File Name with User-Entered Path ; Used in Netlist ; File Type                    ; File Name with Absolute Path                                         ; Library ;
+----------------------------------+-----------------+------------------------------+----------------------------------------------------------------------+---------+
; super_hash_processor.sv          ; yes             ; User SystemVerilog HDL File  ; C:/Users/szh/Documents/ECE_111/final project/super_hash_processor.sv ;         ;
+----------------------------------+-----------------+------------------------------+----------------------------------------------------------------------+---------+


+-----------------------------------------------------------+
; Analysis & Synthesis Resource Usage Summary               ;
+-----------------------------------------------+-----------+
; Resource                                      ; Usage     ;
+-----------------------------------------------+-----------+
; Estimated ALUTs Used                          ; 3313      ;
;     -- Combinational ALUTs                    ; 3313      ;
;     -- Memory ALUTs                           ; 0         ;
;     -- LUT_REGs                               ; 0         ;
; Dedicated logic registers                     ; 1166      ;
;                                               ;           ;
; Estimated ALUTs Unavailable                   ; 964       ;
;     -- Due to unpartnered combinational logic ; 964       ;
;     -- Due to Memory ALUTs                    ; 0         ;
;                                               ;           ;
; Total combinational functions                 ; 3313      ;
; Combinational ALUT usage by number of inputs  ;           ;
;     -- 7 input functions                      ; 6         ;
;     -- 6 input functions                      ; 1250      ;
;     -- 5 input functions                      ; 392       ;
;     -- 4 input functions                      ; 258       ;
;     -- <=3 input functions                    ; 1407      ;
;                                               ;           ;
; Combinational ALUTs by mode                   ;           ;
;     -- normal mode                            ; 2586      ;
;     -- extended LUT mode                      ; 6         ;
;     -- arithmetic mode                        ; 497       ;
;     -- shared arithmetic mode                 ; 224       ;
;                                               ;           ;
; Estimated ALUT/register pairs used            ; 4650      ;
;                                               ;           ;
; Total registers                               ; 1166      ;
;     -- Dedicated logic registers              ; 1166      ;
;     -- I/O registers                          ; 0         ;
;     -- LUT_REGs                               ; 0         ;
;                                               ;           ;
;                                               ;           ;
; I/O pins                                      ; 184       ;
;                                               ;           ;
; DSP block 18-bit elements                     ; 0         ;
;                                               ;           ;
; Maximum fan-out node                          ; clk~input ;
; Maximum fan-out                               ; 1167      ;
; Total fan-out                                 ; 19640     ;
; Average fan-out                               ; 4.05      ;
+-----------------------------------------------+-----------+


+---------------------------------------------------------------------------------------------------------------------------------------------------------------------------------------------------------------------------------------------------+
; Analysis & Synthesis Resource Utilization by Entity                                                                                                                                                                                               ;
+----------------------------+---------------------+---------------------------+-------------------+--------------+---------+-----------+-----------+-----------+------+--------------+-----------------------+----------------------+--------------+
; Compilation Hierarchy Node ; Combinational ALUTs ; Dedicated Logic Registers ; Block Memory Bits ; DSP Elements ; DSP 9x9 ; DSP 12x12 ; DSP 18x18 ; DSP 36x36 ; Pins ; Virtual Pins ; Full Hierarchy Name   ; Entity Name          ; Library Name ;
+----------------------------+---------------------+---------------------------+-------------------+--------------+---------+-----------+-----------+-----------+------+--------------+-----------------------+----------------------+--------------+
; |super_hash_processor      ; 3313 (3313)         ; 1166 (1166)               ; 0                 ; 0            ; 0       ; 0         ; 0         ; 0         ; 184  ; 0            ; |super_hash_processor ; super_hash_processor ; work         ;
+----------------------------+---------------------+---------------------------+-------------------+--------------+---------+-----------+-----------+-----------+------+--------------+-----------------------+----------------------+--------------+
Note: For table entries with two numbers listed, the numbers in parentheses indicate the number of resources of the given type used by the specific entity alone. The numbers listed outside of parentheses indicate the total resources of the given type used by the specific entity and all of its sub-entities in the hierarchy.


Encoding Type:  One-Hot
+--------------------------------------------------------------------------------------------------------------------------+
; State Machine - |super_hash_processor|state                                                                              ;
+------------------------+------------------------+-------------+---------------+--------------+--------------+------------+
; Name                   ; state.START_NEXT_BLOCK ; state.WRITE ; state.COMPUTE ; state.READ_2 ; state.READ_1 ; state.IDLE ;
+------------------------+------------------------+-------------+---------------+--------------+--------------+------------+
; state.IDLE             ; 0                      ; 0           ; 0             ; 0            ; 0            ; 0          ;
; state.READ_1           ; 0                      ; 0           ; 0             ; 0            ; 1            ; 1          ;
; state.READ_2           ; 0                      ; 0           ; 0             ; 1            ; 0            ; 1          ;
; state.COMPUTE          ; 0                      ; 0           ; 1             ; 0            ; 0            ; 1          ;
; state.WRITE            ; 0                      ; 1           ; 0             ; 0            ; 0            ; 1          ;
; state.START_NEXT_BLOCK ; 1                      ; 0           ; 0             ; 0            ; 0            ; 1          ;
+------------------------+------------------------+-------------+---------------+--------------+--------------+------------+


+---------------------------------------------------------------------------------------------------+
; User-Specified and Inferred Latches                                                               ;
+----------------------------------------------------+---------------------+------------------------+
; Latch Name                                         ; Latch Enable Signal ; Free of Timing Hazards ;
+----------------------------------------------------+---------------------+------------------------+
; hash_op_sha1.f[0]_71896                            ; GND                 ; yes                    ;
; Number of user-specified and inferred latches = 1  ;                     ;                        ;
+----------------------------------------------------+---------------------+------------------------+
Note: All latches listed above may not be present at the end of synthesis due to various synthesis optimizations.


+---------------------------------------------------------------------------------+
; Registers Removed During Synthesis                                              ;
+----------------------------------------+----------------------------------------+
; Register name                          ; Reason for Removal                     ;
+----------------------------------------+----------------------------------------+
; message_size[0..2]                     ; Stuck at GND due to stuck port data_in ;
; number_of_last_bytes[1]                ; Merged with message_size[4]            ;
; number_of_last_bytes[0]                ; Merged with message_size[3]            ;
; state~10                               ; Lost fanout                            ;
; state~11                               ; Lost fanout                            ;
; state~12                               ; Lost fanout                            ;
; write_addr[16..31]                     ; Lost fanout                            ;
; read_addr[16..31]                      ; Lost fanout                            ;
; Total Number of Removed Registers = 40 ;                                        ;
+----------------------------------------+----------------------------------------+


+-----------------------------------------------------------------------------------------------------------------------+
; Removed Registers Triggering Further Register Optimizations                                                           ;
+----------------+--------------------+---------------------------------------------------------------------------------+
; Register name  ; Reason for Removal ; Registers Removed due to This Register                                          ;
+----------------+--------------------+---------------------------------------------------------------------------------+
; write_addr[31] ; Lost Fanouts       ; write_addr[30], write_addr[29], write_addr[28], write_addr[27], write_addr[26], ;
;                ;                    ; write_addr[25], write_addr[24], write_addr[23], write_addr[22], write_addr[21], ;
;                ;                    ; write_addr[20], write_addr[19], write_addr[18], write_addr[17], write_addr[16]  ;
+----------------+--------------------+---------------------------------------------------------------------------------+


+------------------------------------------------------+
; General Register Statistics                          ;
+----------------------------------------------+-------+
; Statistic                                    ; Value ;
+----------------------------------------------+-------+
; Total registers                              ; 1166  ;
; Number of registers using Synchronous Clear  ; 198   ;
; Number of registers using Synchronous Load   ; 472   ;
; Number of registers using Asynchronous Clear ; 6     ;
; Number of registers using Asynchronous Load  ; 0     ;
; Number of registers using Clock Enable       ; 1110  ;
; Number of registers using Preset             ; 0     ;
+----------------------------------------------+-------+


+-------------------------------------------------------------------------------------------------------------------------------------------------------------+
; Multiplexer Restructuring Statistics (Restructuring Performed)                                                                                              ;
+--------------------+-----------+---------------+----------------------+------------------------+------------+-----------------------------------------------+
; Multiplexer Inputs ; Bus Width ; Baseline Area ; Area if Restructured ; Saving if Restructured ; Registered ; Example Multiplexer Output                    ;
+--------------------+-----------+---------------+----------------------+------------------------+------------+-----------------------------------------------+
; 5:1                ; 16 bits   ; 48 ALUTs      ; 16 ALUTs             ; 32 ALUTs               ; Yes        ; |super_hash_processor|number_of_blocks[9]     ;
; 5:1                ; 3 bits    ; 9 ALUTs       ; 3 ALUTs              ; 6 ALUTs                ; Yes        ; |super_hash_processor|number_of_last_bytes[8] ;
; 5:1                ; 4 bits    ; 12 ALUTs      ; 4 ALUTs              ; 8 ALUTs                ; Yes        ; |super_hash_processor|number_of_last_bytes[2] ;
; 6:1                ; 32 bits   ; 128 ALUTs     ; 0 ALUTs              ; 128 ALUTs              ; Yes        ; |super_hash_processor|write_addr[25]          ;
; 7:1                ; 96 bits   ; 384 ALUTs     ; 192 ALUTs            ; 192 ALUTs              ; Yes        ; |super_hash_processor|hash_code[160]          ;
; 8:1                ; 256 bits  ; 1280 ALUTs    ; 512 ALUTs            ; 768 ALUTs              ; Yes        ; |super_hash_processor|hash_code_out[4][17]    ;
; 8:1                ; 32 bits   ; 160 ALUTs     ; 64 ALUTs             ; 96 ALUTs               ; Yes        ; |super_hash_processor|read_addr[18]           ;
; 9:1                ; 64 bits   ; 384 ALUTs     ; 192 ALUTs            ; 192 ALUTs              ; Yes        ; |super_hash_processor|hash_code[48]           ;
; 10:1               ; 32 bits   ; 192 ALUTs     ; 64 ALUTs             ; 128 ALUTs              ; Yes        ; |super_hash_processor|hash_code[158]          ;
; 10:1               ; 8 bits    ; 48 ALUTs      ; 8 ALUTs              ; 40 ALUTs               ; Yes        ; |super_hash_processor|number_of_words[4]      ;
; 11:1               ; 64 bits   ; 448 ALUTs     ; 256 ALUTs            ; 192 ALUTs              ; Yes        ; |super_hash_processor|hash_code[84]           ;
; 11:1               ; 8 bits    ; 56 ALUTs      ; 0 ALUTs              ; 56 ALUTs               ; Yes        ; |super_hash_processor|count[0]                ;
; 10:1               ; 8 bits    ; 48 ALUTs      ; 16 ALUTs             ; 32 ALUTs               ; Yes        ; |super_hash_processor|w[14][26]               ;
; 11:1               ; 8 bits    ; 56 ALUTs      ; 16 ALUTs             ; 40 ALUTs               ; Yes        ; |super_hash_processor|w[0][26]                ;
; 11:1               ; 8 bits    ; 56 ALUTs      ; 16 ALUTs             ; 40 ALUTs               ; Yes        ; |super_hash_processor|w[1][26]                ;
; 11:1               ; 8 bits    ; 56 ALUTs      ; 16 ALUTs             ; 40 ALUTs               ; Yes        ; |super_hash_processor|w[2][29]                ;
; 11:1               ; 8 bits    ; 56 ALUTs      ; 16 ALUTs             ; 40 ALUTs               ; Yes        ; |super_hash_processor|w[3][24]                ;
; 11:1               ; 8 bits    ; 56 ALUTs      ; 16 ALUTs             ; 40 ALUTs               ; Yes        ; |super_hash_processor|w[4][31]                ;
; 11:1               ; 8 bits    ; 56 ALUTs      ; 16 ALUTs             ; 40 ALUTs               ; Yes        ; |super_hash_processor|w[5][29]                ;
; 11:1               ; 8 bits    ; 56 ALUTs      ; 16 ALUTs             ; 40 ALUTs               ; Yes        ; |super_hash_processor|w[6][31]                ;
; 11:1               ; 8 bits    ; 56 ALUTs      ; 16 ALUTs             ; 40 ALUTs               ; Yes        ; |super_hash_processor|w[7][24]                ;
; 11:1               ; 8 bits    ; 56 ALUTs      ; 16 ALUTs             ; 40 ALUTs               ; Yes        ; |super_hash_processor|w[8][31]                ;
; 11:1               ; 8 bits    ; 56 ALUTs      ; 16 ALUTs             ; 40 ALUTs               ; Yes        ; |super_hash_processor|w[9][28]                ;
; 11:1               ; 8 bits    ; 56 ALUTs      ; 16 ALUTs             ; 40 ALUTs               ; Yes        ; |super_hash_processor|w[10][29]               ;
; 11:1               ; 8 bits    ; 56 ALUTs      ; 16 ALUTs             ; 40 ALUTs               ; Yes        ; |super_hash_processor|w[11][28]               ;
; 11:1               ; 8 bits    ; 56 ALUTs      ; 16 ALUTs             ; 40 ALUTs               ; Yes        ; |super_hash_processor|w[12][30]               ;
; 11:1               ; 8 bits    ; 56 ALUTs      ; 16 ALUTs             ; 40 ALUTs               ; Yes        ; |super_hash_processor|w[13][28]               ;
; 11:1               ; 7 bits    ; 49 ALUTs      ; 14 ALUTs             ; 35 ALUTs               ; Yes        ; |super_hash_processor|w[14][0]                ;
; 11:1               ; 3 bits    ; 21 ALUTs      ; 6 ALUTs              ; 15 ALUTs               ; Yes        ; |super_hash_processor|w[15][2]                ;
; 11:1               ; 8 bits    ; 56 ALUTs      ; 16 ALUTs             ; 40 ALUTs               ; Yes        ; |super_hash_processor|w[15][31]               ;
; 12:1               ; 7 bits    ; 56 ALUTs      ; 14 ALUTs             ; 42 ALUTs               ; Yes        ; |super_hash_processor|w[0][1]                 ;
; 12:1               ; 7 bits    ; 56 ALUTs      ; 14 ALUTs             ; 42 ALUTs               ; Yes        ; |super_hash_processor|w[1][1]                 ;
; 12:1               ; 7 bits    ; 56 ALUTs      ; 14 ALUTs             ; 42 ALUTs               ; Yes        ; |super_hash_processor|w[2][0]                 ;
; 12:1               ; 7 bits    ; 56 ALUTs      ; 14 ALUTs             ; 42 ALUTs               ; Yes        ; |super_hash_processor|w[3][0]                 ;
; 12:1               ; 7 bits    ; 56 ALUTs      ; 14 ALUTs             ; 42 ALUTs               ; Yes        ; |super_hash_processor|w[4][0]                 ;
; 12:1               ; 7 bits    ; 56 ALUTs      ; 14 ALUTs             ; 42 ALUTs               ; Yes        ; |super_hash_processor|w[5][6]                 ;
; 12:1               ; 7 bits    ; 56 ALUTs      ; 14 ALUTs             ; 42 ALUTs               ; Yes        ; |super_hash_processor|w[6][3]                 ;
; 12:1               ; 7 bits    ; 56 ALUTs      ; 14 ALUTs             ; 42 ALUTs               ; Yes        ; |super_hash_processor|w[7][2]                 ;
; 12:1               ; 7 bits    ; 56 ALUTs      ; 14 ALUTs             ; 42 ALUTs               ; Yes        ; |super_hash_processor|w[8][2]                 ;
; 12:1               ; 7 bits    ; 56 ALUTs      ; 14 ALUTs             ; 42 ALUTs               ; Yes        ; |super_hash_processor|w[9][2]                 ;
; 12:1               ; 7 bits    ; 56 ALUTs      ; 14 ALUTs             ; 42 ALUTs               ; Yes        ; |super_hash_processor|w[10][3]                ;
; 12:1               ; 7 bits    ; 56 ALUTs      ; 14 ALUTs             ; 42 ALUTs               ; Yes        ; |super_hash_processor|w[11][6]                ;
; 12:1               ; 7 bits    ; 56 ALUTs      ; 14 ALUTs             ; 42 ALUTs               ; Yes        ; |super_hash_processor|w[12][2]                ;
; 12:1               ; 7 bits    ; 56 ALUTs      ; 14 ALUTs             ; 42 ALUTs               ; Yes        ; |super_hash_processor|w[13][2]                ;
; 12:1               ; 4 bits    ; 32 ALUTs      ; 12 ALUTs             ; 20 ALUTs               ; Yes        ; |super_hash_processor|w[15][5]                ;
; 11:1               ; 7 bits    ; 49 ALUTs      ; 14 ALUTs             ; 35 ALUTs               ; Yes        ; |super_hash_processor|w[14][9]                ;
; 11:1               ; 7 bits    ; 49 ALUTs      ; 14 ALUTs             ; 35 ALUTs               ; Yes        ; |super_hash_processor|w[14][21]               ;
; 12:1               ; 7 bits    ; 56 ALUTs      ; 14 ALUTs             ; 42 ALUTs               ; Yes        ; |super_hash_processor|w[0][14]                ;
; 12:1               ; 7 bits    ; 56 ALUTs      ; 14 ALUTs             ; 42 ALUTs               ; Yes        ; |super_hash_processor|w[0][17]                ;
; 12:1               ; 7 bits    ; 56 ALUTs      ; 14 ALUTs             ; 42 ALUTs               ; Yes        ; |super_hash_processor|w[1][8]                 ;
; 12:1               ; 7 bits    ; 56 ALUTs      ; 14 ALUTs             ; 42 ALUTs               ; Yes        ; |super_hash_processor|w[1][17]                ;
; 12:1               ; 7 bits    ; 56 ALUTs      ; 14 ALUTs             ; 42 ALUTs               ; Yes        ; |super_hash_processor|w[2][10]                ;
; 12:1               ; 7 bits    ; 56 ALUTs      ; 14 ALUTs             ; 42 ALUTs               ; Yes        ; |super_hash_processor|w[2][16]                ;
; 12:1               ; 7 bits    ; 56 ALUTs      ; 14 ALUTs             ; 42 ALUTs               ; Yes        ; |super_hash_processor|w[3][10]                ;
; 12:1               ; 7 bits    ; 56 ALUTs      ; 14 ALUTs             ; 42 ALUTs               ; Yes        ; |super_hash_processor|w[3][19]                ;
; 12:1               ; 7 bits    ; 56 ALUTs      ; 14 ALUTs             ; 42 ALUTs               ; Yes        ; |super_hash_processor|w[4][10]                ;
; 12:1               ; 7 bits    ; 56 ALUTs      ; 14 ALUTs             ; 42 ALUTs               ; Yes        ; |super_hash_processor|w[4][21]                ;
; 12:1               ; 7 bits    ; 56 ALUTs      ; 14 ALUTs             ; 42 ALUTs               ; Yes        ; |super_hash_processor|w[5][14]                ;
; 12:1               ; 7 bits    ; 56 ALUTs      ; 14 ALUTs             ; 42 ALUTs               ; Yes        ; |super_hash_processor|w[5][21]                ;
; 12:1               ; 7 bits    ; 56 ALUTs      ; 14 ALUTs             ; 42 ALUTs               ; Yes        ; |super_hash_processor|w[6][14]                ;
; 12:1               ; 7 bits    ; 56 ALUTs      ; 14 ALUTs             ; 42 ALUTs               ; Yes        ; |super_hash_processor|w[6][21]                ;
; 12:1               ; 7 bits    ; 56 ALUTs      ; 14 ALUTs             ; 42 ALUTs               ; Yes        ; |super_hash_processor|w[7][9]                 ;
; 12:1               ; 7 bits    ; 56 ALUTs      ; 14 ALUTs             ; 42 ALUTs               ; Yes        ; |super_hash_processor|w[7][21]                ;
; 12:1               ; 7 bits    ; 56 ALUTs      ; 14 ALUTs             ; 42 ALUTs               ; Yes        ; |super_hash_processor|w[8][12]                ;
; 12:1               ; 7 bits    ; 56 ALUTs      ; 14 ALUTs             ; 42 ALUTs               ; Yes        ; |super_hash_processor|w[8][21]                ;
; 12:1               ; 7 bits    ; 56 ALUTs      ; 14 ALUTs             ; 42 ALUTs               ; Yes        ; |super_hash_processor|w[9][11]                ;
; 12:1               ; 7 bits    ; 56 ALUTs      ; 14 ALUTs             ; 42 ALUTs               ; Yes        ; |super_hash_processor|w[9][21]                ;
; 12:1               ; 7 bits    ; 56 ALUTs      ; 14 ALUTs             ; 42 ALUTs               ; Yes        ; |super_hash_processor|w[10][8]                ;
; 12:1               ; 7 bits    ; 56 ALUTs      ; 14 ALUTs             ; 42 ALUTs               ; Yes        ; |super_hash_processor|w[10][19]               ;
; 12:1               ; 7 bits    ; 56 ALUTs      ; 14 ALUTs             ; 42 ALUTs               ; Yes        ; |super_hash_processor|w[11][12]               ;
; 12:1               ; 7 bits    ; 56 ALUTs      ; 14 ALUTs             ; 42 ALUTs               ; Yes        ; |super_hash_processor|w[11][22]               ;
; 12:1               ; 7 bits    ; 56 ALUTs      ; 14 ALUTs             ; 42 ALUTs               ; Yes        ; |super_hash_processor|w[12][14]               ;
; 12:1               ; 7 bits    ; 56 ALUTs      ; 14 ALUTs             ; 42 ALUTs               ; Yes        ; |super_hash_processor|w[12][18]               ;
; 12:1               ; 7 bits    ; 56 ALUTs      ; 14 ALUTs             ; 42 ALUTs               ; Yes        ; |super_hash_processor|w[13][12]               ;
; 12:1               ; 7 bits    ; 56 ALUTs      ; 14 ALUTs             ; 42 ALUTs               ; Yes        ; |super_hash_processor|w[13][22]               ;
; 12:1               ; 7 bits    ; 56 ALUTs      ; 21 ALUTs             ; 35 ALUTs               ; Yes        ; |super_hash_processor|w[15][14]               ;
; 12:1               ; 7 bits    ; 56 ALUTs      ; 21 ALUTs             ; 35 ALUTs               ; Yes        ; |super_hash_processor|w[15][18]               ;
; 20:1               ; 32 bits   ; 416 ALUTs     ; 128 ALUTs            ; 288 ALUTs              ; Yes        ; |super_hash_processor|mem_write_data[21]~reg0 ;
; 4:1                ; 64 bits   ; 128 ALUTs     ; 128 ALUTs            ; 0 ALUTs                ; No         ; |super_hash_processor|Mux162                  ;
; 4:1                ; 256 bits  ; 512 ALUTs     ; 512 ALUTs            ; 0 ALUTs                ; No         ; |super_hash_processor|Mux181                  ;
; 4:1                ; 25 bits   ; 50 ALUTs      ; 50 ALUTs             ; 0 ALUTs                ; No         ; |super_hash_processor|ShiftLeft0              ;
; 4:1                ; 25 bits   ; 50 ALUTs      ; 50 ALUTs             ; 0 ALUTs                ; No         ; |super_hash_processor|ShiftRight0             ;
; 4:1                ; 4 bits    ; 8 ALUTs       ; 8 ALUTs              ; 0 ALUTs                ; No         ; |super_hash_processor|ShiftLeft0              ;
; 4:1                ; 4 bits    ; 8 ALUTs       ; 8 ALUTs              ; 0 ALUTs                ; No         ; |super_hash_processor|ShiftLeft0              ;
; 4:1                ; 4 bits    ; 8 ALUTs       ; 8 ALUTs              ; 0 ALUTs                ; No         ; |super_hash_processor|ShiftLeft0              ;
; 4:1                ; 4 bits    ; 8 ALUTs       ; 8 ALUTs              ; 0 ALUTs                ; No         ; |super_hash_processor|ShiftRight0             ;
; 4:1                ; 4 bits    ; 8 ALUTs       ; 8 ALUTs              ; 0 ALUTs                ; No         ; |super_hash_processor|ShiftRight0             ;
; 4:1                ; 4 bits    ; 8 ALUTs       ; 8 ALUTs              ; 0 ALUTs                ; No         ; |super_hash_processor|ShiftRight0             ;
; 3:1                ; 16 bits   ; 32 ALUTs      ; 32 ALUTs             ; 0 ALUTs                ; No         ; |super_hash_processor|ShiftRight0             ;
; 4:1                ; 32 bits   ; 64 ALUTs      ; 64 ALUTs             ; 0 ALUTs                ; No         ; |super_hash_processor|Mux136                  ;
; 4:1                ; 32 bits   ; 64 ALUTs      ; 64 ALUTs             ; 0 ALUTs                ; No         ; |super_hash_processor|Mux18                   ;
; 5:1                ; 12 bits   ; 36 ALUTs      ; 36 ALUTs             ; 0 ALUTs                ; No         ; |super_hash_processor|ShiftLeft0              ;
; 8:1                ; 32 bits   ; 160 ALUTs     ; 160 ALUTs            ; 0 ALUTs                ; No         ; |super_hash_processor|Mux97                   ;
; 8:1                ; 32 bits   ; 160 ALUTs     ; 160 ALUTs            ; 0 ALUTs                ; No         ; |super_hash_processor|Mux221                  ;
; 8:1                ; 32 bits   ; 160 ALUTs     ; 160 ALUTs            ; 0 ALUTs                ; No         ; |super_hash_processor|Mux91                   ;
; 4:1                ; 2 bits    ; 4 ALUTs       ; 4 ALUTs              ; 0 ALUTs                ; No         ; |super_hash_processor|temp                    ;
; 16:1               ; 32 bits   ; 320 ALUTs     ; 320 ALUTs            ; 0 ALUTs                ; No         ; |super_hash_processor|Mux252                  ;
; 6:1                ; 12 bits   ; 48 ALUTs      ; 48 ALUTs             ; 0 ALUTs                ; No         ; |super_hash_processor|ShiftRight0             ;
; 8:1                ; 4 bits    ; 20 ALUTs      ; 20 ALUTs             ; 0 ALUTs                ; No         ; |super_hash_processor|ShiftLeft0              ;
; 9:1                ; 4 bits    ; 24 ALUTs      ; 24 ALUTs             ; 0 ALUTs                ; No         ; |super_hash_processor|ShiftRight0             ;
+--------------------+-----------+---------------+----------------------+------------------------+------------+-----------------------------------------------+


+------------------------------------------------------------------------------------------------------------------+
; Parameter Settings for User Entity Instance: Top-level Entity: |super_hash_processor                             ;
+----------------+----------------------------------------------------------------------------------+--------------+
; Parameter Name ; Value                                                                            ; Type         ;
+----------------+----------------------------------------------------------------------------------+--------------+
; sha2_constant  ; (1116352408,1899447441,-1245643825,-373957723,961987163,1508970993,-1841331548,- ; Array/Record ;
; sha2_constant  ; 1424204075,-670586216,310598401,607225278,1426881987,1925078388,-2132889090,-168 ;              ;
; sha2_constant  ; 0079193,-1046744716,-459576895,-272742522,264347078,604807628,770255983,12491501 ;              ;
; sha2_constant  ; 22,1555081692,1996064986,-1740746414,-1473132947,-1341970488,-1084653625,-958395 ;              ;
; sha2_constant  ; 405,-710438585,113926993,338241895,666307205,773529912,1294757372,1396182291,169 ;              ;
; sha2_constant  ; 5183700,1986661051,-2117940946,-1838011259,-1564481375,-1474664885,-1035236496,- ;              ;
; sha2_constant  ; 949202525,-778901479,-694614492,-200395387,275423344,430227734,506948616,6590605 ;              ;
; sha2_constant  ; 56,883997877,958139571,1322822218,1537002063,1747873779,1955562222,2024104815,-2 ;              ;
;                ; 067236844,-1933114872,-1866530822,-1538233109,-1090935817,-965641998)            ;              ;
; S              ; (00000111,00001100,00010001,00010110,00000111,00001100,00010001,00010110,0000011 ; Array/Record ;
; S              ; 1,00001100,00010001,00010110,00000111,00001100,00010001,00010110,00000101,000010 ;              ;
; S              ; 01,00001110,00010100,00000101,00001001,00001110,00010100,00000101,00001001,00001 ;              ;
; S              ; 110,00010100,00000101,00001001,00001110,00010100,00000100,00001011,00010000,0001 ;              ;
; S              ; 0111,00000100,00001011,00010000,00010111,00000100,00001011,00010000,00010111,000 ;              ;
; S              ; 00100,00001011,00010000,00010111,00000110,00001010,00001111,00010101,00000110,00 ;              ;
; S              ; 001010,00001111,00010101,00000110,00001010,00001111,00010101,00000110,00001010,0 ;              ;
;                ; 0001111,00010101)                                                                ;              ;
; md5_constant   ; (-680876936,-389564586,606105819,-1044525330,-176418897,1200080426,-1473231341,- ; Array/Record ;
; md5_constant   ; 45705983,1770035416,-1958414417,-42063,-1990404162,1804603682,-40341101,-1502002 ;              ;
; md5_constant   ; 290,1236535329,-165796510,-1069501632,643717713,-373897302,-701558691,38016083,- ;              ;
; md5_constant   ; 660478335,-405537848,568446438,-1019803690,-187363961,1163531501,-1444681467,-51 ;              ;
; md5_constant   ; 403784,1735328473,-1926607734,-378558,-2022574463,1839030562,-35309556,-15309920 ;              ;
; md5_constant   ; 60,1272893353,-155497632,-1094730640,681279174,-358537222,-722521979,76029189,-6 ;              ;
; md5_constant   ; 40364487,-421815835,530742520,-995338651,-198630844,1126891415,-1416354905,-5743 ;              ;
; md5_constant   ; 4055,1700485571,-1894986606,-1051523,-2054922799,1873313359,-30611744,-156019838 ;              ;
;                ; 0,1309151649,-145523070,-1120210379,718787259,-343485551)                        ;              ;
+----------------+----------------------------------------------------------------------------------+--------------+
Note: In order to hide this table in the UI and the text report file, please set the "Show Parameter Settings in Synthesis Report" option in "Analysis and Synthesis Settings -> More Settings" to "Off".


+-----------------------------------------------------+
; Post-Synthesis Netlist Statistics for Top Partition ;
+-----------------------+-----------------------------+
; Type                  ; Count                       ;
+-----------------------+-----------------------------+
; arriaii_ff            ; 1166                        ;
;     CLR               ; 5                           ;
;     CLR SLD           ; 1                           ;
;     ENA               ; 441                         ;
;     ENA SCLR          ; 198                         ;
;     ENA SLD           ; 471                         ;
;     plain             ; 50                          ;
; boundary_port         ; 184                         ;
; stratixiv_lcell_comb  ; 3313                        ;
;     arith             ; 497                         ;
;         1 data inputs ; 104                         ;
;         2 data inputs ; 325                         ;
;         3 data inputs ; 10                          ;
;         4 data inputs ; 2                           ;
;         5 data inputs ; 56                          ;
;     extend            ; 6                           ;
;         7 data inputs ; 6                           ;
;     normal            ; 2586                        ;
;         0 data inputs ; 1                           ;
;         1 data inputs ; 3                           ;
;         2 data inputs ; 72                          ;
;         3 data inputs ; 669                         ;
;         4 data inputs ; 255                         ;
;         5 data inputs ; 336                         ;
;         6 data inputs ; 1250                        ;
;     shared            ; 224                         ;
;         2 data inputs ; 1                           ;
;         3 data inputs ; 222                         ;
;         4 data inputs ; 1                           ;
;                       ;                             ;
; Max LUT depth         ; 16.90                       ;
; Average LUT depth     ; 7.74                        ;
+-----------------------+-----------------------------+


+-------------------------------+
; Elapsed Time Per Partition    ;
+----------------+--------------+
; Partition Name ; Elapsed Time ;
+----------------+--------------+
; Top            ; 00:00:12     ;
+----------------+--------------+


+-------------------------------+
; Analysis & Synthesis Messages ;
+-------------------------------+
Info: *******************************************************************
Info: Running Quartus Prime Analysis & Synthesis
    Info: Version 16.1.0 Build 196 10/24/2016 SJ Lite Edition
    Info: Processing started: Mon Mar 06 21:25:15 2017
Info: Command: quartus_map --read_settings_files=on --write_settings_files=off super_hash_processor -c super_hash_processor
Warning (18236): Number of processors has not been specified which may cause overloading on shared machines.  Set the global assignment NUM_PARALLEL_PROCESSORS in your QSF to an appropriate value for best performance.
Info (20030): Parallel compilation is enabled and will use 4 of the 4 processors detected
Info (12021): Found 1 design units, including 1 entities, in source file tb_final_shp.sv
    Info (12023): Found entity 1: tb_super_hash_processor File: C:/Users/szh/Documents/ECE_111/final project/tb_final_shp.sv Line: 1
Info (12021): Found 1 design units, including 1 entities, in source file super_hash_processor.sv
    Info (12023): Found entity 1: super_hash_processor File: C:/Users/szh/Documents/ECE_111/final project/super_hash_processor.sv Line: 1
Info (12127): Elaborating entity "super_hash_processor" for the top level hierarchy
Warning (10230): Verilog HDL assignment warning at super_hash_processor.sv(498): truncated value with size 32 to match size of target (16) File: C:/Users/szh/Documents/ECE_111/final project/super_hash_processor.sv Line: 498
Warning (10230): Verilog HDL assignment warning at super_hash_processor.sv(144): truncated value with size 32 to match size of target (9) File: C:/Users/szh/Documents/ECE_111/final project/super_hash_processor.sv Line: 144
Warning (10776): Verilog HDL warning at super_hash_processor.sv(417): variable i in static task or function pad_zero_and_message_size may have unintended latch behavior File: C:/Users/szh/Documents/ECE_111/final project/super_hash_processor.sv Line: 417
Warning (10230): Verilog HDL assignment warning at super_hash_processor.sv(257): truncated value with size 32 to match size of target (9) File: C:/Users/szh/Documents/ECE_111/final project/super_hash_processor.sv Line: 257
Warning (10230): Verilog HDL assignment warning at super_hash_processor.sv(275): truncated value with size 32 to match size of target (8) File: C:/Users/szh/Documents/ECE_111/final project/super_hash_processor.sv Line: 275
Warning (10230): Verilog HDL assignment warning at super_hash_processor.sv(279): truncated value with size 32 to match size of target (8) File: C:/Users/szh/Documents/ECE_111/final project/super_hash_processor.sv Line: 279
Warning (10230): Verilog HDL assignment warning at super_hash_processor.sv(293): truncated value with size 32 to match size of target (8) File: C:/Users/szh/Documents/ECE_111/final project/super_hash_processor.sv Line: 293
Warning (10230): Verilog HDL assignment warning at super_hash_processor.sv(298): truncated value with size 32 to match size of target (8) File: C:/Users/szh/Documents/ECE_111/final project/super_hash_processor.sv Line: 298
Warning (10230): Verilog HDL assignment warning at super_hash_processor.sv(472): truncated value with size 32 to match size of target (8) File: C:/Users/szh/Documents/ECE_111/final project/super_hash_processor.sv Line: 472
Warning (10230): Verilog HDL assignment warning at super_hash_processor.sv(474): truncated value with size 32 to match size of target (8) File: C:/Users/szh/Documents/ECE_111/final project/super_hash_processor.sv Line: 474
Warning (10230): Verilog HDL assignment warning at super_hash_processor.sv(476): truncated value with size 32 to match size of target (8) File: C:/Users/szh/Documents/ECE_111/final project/super_hash_processor.sv Line: 476
Warning (10764): Verilog HDL warning at super_hash_processor.sv(538): converting signed shift amount to unsigned File: C:/Users/szh/Documents/ECE_111/final project/super_hash_processor.sv Line: 538
Warning (10242): Verilog HDL Function Declaration warning at super_hash_processor.sv(575): variable "f" may have a Don't Care value because it may not be assigned a value in every possible path through the statements preceding its use File: C:/Users/szh/Documents/ECE_111/final project/super_hash_processor.sv Line: 575
Warning (10242): Verilog HDL Function Declaration warning at super_hash_processor.sv(575): variable "k" may have a Don't Care value because it may not be assigned a value in every possible path through the statements preceding its use File: C:/Users/szh/Documents/ECE_111/final project/super_hash_processor.sv Line: 575
Warning (10776): Verilog HDL warning at super_hash_processor.sv(554): variable f in static task or function hash_op_sha1 may have unintended latch behavior File: C:/Users/szh/Documents/ECE_111/final project/super_hash_processor.sv Line: 554
Warning (10776): Verilog HDL warning at super_hash_processor.sv(552): variable k in static task or function hash_op_sha1 may have unintended latch behavior File: C:/Users/szh/Documents/ECE_111/final project/super_hash_processor.sv Line: 552
Warning (10230): Verilog HDL assignment warning at super_hash_processor.sv(310): truncated value with size 32 to match size of target (8) File: C:/Users/szh/Documents/ECE_111/final project/super_hash_processor.sv Line: 310
Warning (10230): Verilog HDL assignment warning at super_hash_processor.sv(315): truncated value with size 32 to match size of target (16) File: C:/Users/szh/Documents/ECE_111/final project/super_hash_processor.sv Line: 315
Warning (10230): Verilog HDL assignment warning at super_hash_processor.sv(365): truncated value with size 32 to match size of target (8) File: C:/Users/szh/Documents/ECE_111/final project/super_hash_processor.sv Line: 365
Warning (10230): Verilog HDL assignment warning at super_hash_processor.sv(370): truncated value with size 32 to match size of target (8) File: C:/Users/szh/Documents/ECE_111/final project/super_hash_processor.sv Line: 370
Warning (10230): Verilog HDL assignment warning at super_hash_processor.sv(379): truncated value with size 32 to match size of target (8) File: C:/Users/szh/Documents/ECE_111/final project/super_hash_processor.sv Line: 379
Warning (10230): Verilog HDL assignment warning at super_hash_processor.sv(384): truncated value with size 32 to match size of target (8) File: C:/Users/szh/Documents/ECE_111/final project/super_hash_processor.sv Line: 384
Warning (10230): Verilog HDL assignment warning at super_hash_processor.sv(393): truncated value with size 32 to match size of target (8) File: C:/Users/szh/Documents/ECE_111/final project/super_hash_processor.sv Line: 393
Warning (10230): Verilog HDL assignment warning at super_hash_processor.sv(398): truncated value with size 32 to match size of target (8) File: C:/Users/szh/Documents/ECE_111/final project/super_hash_processor.sv Line: 398
Warning (10030): Net "hash_op_sha1.k" at super_hash_processor.sv(552) has no driver or initial value, using a default initial value '0' File: C:/Users/szh/Documents/ECE_111/final project/super_hash_processor.sv Line: 552
Warning (10030): Net "hash_op_sha1.f" at super_hash_processor.sv(554) has no driver or initial value, using a default initial value '0' File: C:/Users/szh/Documents/ECE_111/final project/super_hash_processor.sv Line: 554
Info (10041): Inferred latch for "hash_op_sha1.f[0]" at super_hash_processor.sv(560) File: C:/Users/szh/Documents/ECE_111/final project/super_hash_processor.sv Line: 560
Info (286030): Timing-Driven Synthesis is running
Info (17049): 35 registers lost all their fanouts during netlist optimizations.
Info (144001): Generated suppressed messages file C:/Users/szh/Documents/ECE_111/final project/output_files/super_hash_processor.map.smsg
Info (16010): Generating hard_block partition "hard_block:auto_generated_inst"
    Info (16011): Adding 0 node(s), including 0 DDIO, 0 PLL, 0 transceiver and 0 LCELL
Warning (21074): Design contains 35 input pin(s) that do not drive logic
    Warning (15610): No output dependent on input pin "size[29]" File: C:/Users/szh/Documents/ECE_111/final project/super_hash_processor.sv Line: 3
    Warning (15610): No output dependent on input pin "size[30]" File: C:/Users/szh/Documents/ECE_111/final project/super_hash_processor.sv Line: 3
    Warning (15610): No output dependent on input pin "size[31]" File: C:/Users/szh/Documents/ECE_111/final project/super_hash_processor.sv Line: 3
    Warning (15610): No output dependent on input pin "message_addr[16]" File: C:/Users/szh/Documents/ECE_111/final project/super_hash_processor.sv Line: 3
    Warning (15610): No output dependent on input pin "message_addr[17]" File: C:/Users/szh/Documents/ECE_111/final project/super_hash_processor.sv Line: 3
    Warning (15610): No output dependent on input pin "message_addr[18]" File: C:/Users/szh/Documents/ECE_111/final project/super_hash_processor.sv Line: 3
    Warning (15610): No output dependent on input pin "message_addr[19]" File: C:/Users/szh/Documents/ECE_111/final project/super_hash_processor.sv Line: 3
    Warning (15610): No output dependent on input pin "message_addr[20]" File: C:/Users/szh/Documents/ECE_111/final project/super_hash_processor.sv Line: 3
    Warning (15610): No output dependent on input pin "message_addr[21]" File: C:/Users/szh/Documents/ECE_111/final project/super_hash_processor.sv Line: 3
    Warning (15610): No output dependent on input pin "message_addr[22]" File: C:/Users/szh/Documents/ECE_111/final project/super_hash_processor.sv Line: 3
    Warning (15610): No output dependent on input pin "message_addr[23]" File: C:/Users/szh/Documents/ECE_111/final project/super_hash_processor.sv Line: 3
    Warning (15610): No output dependent on input pin "message_addr[24]" File: C:/Users/szh/Documents/ECE_111/final project/super_hash_processor.sv Line: 3
    Warning (15610): No output dependent on input pin "message_addr[25]" File: C:/Users/szh/Documents/ECE_111/final project/super_hash_processor.sv Line: 3
    Warning (15610): No output dependent on input pin "message_addr[26]" File: C:/Users/szh/Documents/ECE_111/final project/super_hash_processor.sv Line: 3
    Warning (15610): No output dependent on input pin "message_addr[27]" File: C:/Users/szh/Documents/ECE_111/final project/super_hash_processor.sv Line: 3
    Warning (15610): No output dependent on input pin "message_addr[28]" File: C:/Users/szh/Documents/ECE_111/final project/super_hash_processor.sv Line: 3
    Warning (15610): No output dependent on input pin "message_addr[29]" File: C:/Users/szh/Documents/ECE_111/final project/super_hash_processor.sv Line: 3
    Warning (15610): No output dependent on input pin "message_addr[30]" File: C:/Users/szh/Documents/ECE_111/final project/super_hash_processor.sv Line: 3
    Warning (15610): No output dependent on input pin "message_addr[31]" File: C:/Users/szh/Documents/ECE_111/final project/super_hash_processor.sv Line: 3
    Warning (15610): No output dependent on input pin "output_addr[31]" File: C:/Users/szh/Documents/ECE_111/final project/super_hash_processor.sv Line: 3
    Warning (15610): No output dependent on input pin "output_addr[30]" File: C:/Users/szh/Documents/ECE_111/final project/super_hash_processor.sv Line: 3
    Warning (15610): No output dependent on input pin "output_addr[29]" File: C:/Users/szh/Documents/ECE_111/final project/super_hash_processor.sv Line: 3
    Warning (15610): No output dependent on input pin "output_addr[28]" File: C:/Users/szh/Documents/ECE_111/final project/super_hash_processor.sv Line: 3
    Warning (15610): No output dependent on input pin "output_addr[27]" File: C:/Users/szh/Documents/ECE_111/final project/super_hash_processor.sv Line: 3
    Warning (15610): No output dependent on input pin "output_addr[26]" File: C:/Users/szh/Documents/ECE_111/final project/super_hash_processor.sv Line: 3
    Warning (15610): No output dependent on input pin "output_addr[25]" File: C:/Users/szh/Documents/ECE_111/final project/super_hash_processor.sv Line: 3
    Warning (15610): No output dependent on input pin "output_addr[24]" File: C:/Users/szh/Documents/ECE_111/final project/super_hash_processor.sv Line: 3
    Warning (15610): No output dependent on input pin "output_addr[23]" File: C:/Users/szh/Documents/ECE_111/final project/super_hash_processor.sv Line: 3
    Warning (15610): No output dependent on input pin "output_addr[22]" File: C:/Users/szh/Documents/ECE_111/final project/super_hash_processor.sv Line: 3
    Warning (15610): No output dependent on input pin "output_addr[21]" File: C:/Users/szh/Documents/ECE_111/final project/super_hash_processor.sv Line: 3
    Warning (15610): No output dependent on input pin "output_addr[20]" File: C:/Users/szh/Documents/ECE_111/final project/super_hash_processor.sv Line: 3
    Warning (15610): No output dependent on input pin "output_addr[19]" File: C:/Users/szh/Documents/ECE_111/final project/super_hash_processor.sv Line: 3
    Warning (15610): No output dependent on input pin "output_addr[18]" File: C:/Users/szh/Documents/ECE_111/final project/super_hash_processor.sv Line: 3
    Warning (15610): No output dependent on input pin "output_addr[17]" File: C:/Users/szh/Documents/ECE_111/final project/super_hash_processor.sv Line: 3
    Warning (15610): No output dependent on input pin "output_addr[16]" File: C:/Users/szh/Documents/ECE_111/final project/super_hash_processor.sv Line: 3
Info (21057): Implemented 3996 device resources after synthesis - the final resource count might be different
    Info (21058): Implemented 133 input pins
    Info (21059): Implemented 51 output pins
    Info (21061): Implemented 3812 logic cells
Info: Quartus Prime Analysis & Synthesis was successful. 0 errors, 63 warnings
    Info: Peak virtual memory: 766 megabytes
    Info: Processing ended: Mon Mar 06 21:25:38 2017
    Info: Elapsed time: 00:00:23
    Info: Total CPU time (on all processors): 00:00:37


+------------------------------------------+
; Analysis & Synthesis Suppressed Messages ;
+------------------------------------------+
The suppressed messages can be found in C:/Users/szh/Documents/ECE_111/final project/output_files/super_hash_processor.map.smsg.


